../Core/Src/main.c:112:6:HC595_Write	24	static
../Core/Src/main.c:145:5:main	8	static
../Core/Src/main.c:197:6:SystemClock_Config	88	static
../Core/Src/main.c:241:13:MX_GPIO_Init	48	static
../Core/Src/main.c:333:6:HAL_GPIO_EXTI_Callback	16	static
../Core/Src/main.c:345:9:Keypad_Get_Key	16	static
../Core/Src/main.c:357:9:Check_Register_Number	16	static
../Core/Src/main.c:374:6:ButtonMatrixRead	16	static
../Core/Src/main.c:395:6:Clear_Register_to_Zeros	16	static
../Core/Src/main.c:403:6:Register_Number_Handler	16	static
../Core/Src/main.c:464:6:Error_Handler	4	static,ignoring_inline_asm
